MPLINK 4.31, Linker
Linker Map File - Created Sun Nov 15 15:17:16 2020

                                 Section Info
                  Section       Type    Address   Location Size(Bytes)
                ---------  ---------  ---------  ---------  ---------
                   .org_0       code   0x000000    program   0x000002
                   .cinit    romdata   0x000001    program   0x000004
                   .org_1       code   0x000004    program   0x000030
        .config_2007_P2.O       code   0x002007    program   0x000002



                              Program Memory Usage 
                               Start         End      
                           ---------   ---------      
                            0x000000    0x000002      
                            0x000004    0x00001b      
                            0x002007    0x002007      
            28 out of 2183 program addresses used, program memory utilization is 1%



                              Symbols - Sorted by Name
                     Name    Address   Location    Storage File                     
                ---------  ---------  ---------  --------- ---------                
                  CASE_NO   0x00000f    program     static C:\Users\Administrador\Desktop\entrtega\Ej. 2-D  ANCONA ROMANO Matias\P2\p2.asm
                  CASE_SI   0x00000b    program     static C:\Users\Administrador\Desktop\entrtega\Ej. 2-D  ANCONA ROMANO Matias\P2\p2.asm
                    FINAL   0x00000a    program     static C:\Users\Administrador\Desktop\entrtega\Ej. 2-D  ANCONA ROMANO Matias\P2\p2.asm
                   Inicio   0x000013    program     static C:\Users\Administrador\Desktop\entrtega\Ej. 2-D  ANCONA ROMANO Matias\P2\p2.asm
             _.org_1_001B   0x00001b    program     static C:\Users\Administrador\Desktop\entrtega\Ej. 2-D  ANCONA ROMANO Matias\P2\p2.asm



                              Symbols - Sorted by Address
                     Name    Address   Location    Storage File                     
                ---------  ---------  ---------  --------- ---------                
                    FINAL   0x00000a    program     static C:\Users\Administrador\Desktop\entrtega\Ej. 2-D  ANCONA ROMANO Matias\P2\p2.asm
                  CASE_SI   0x00000b    program     static C:\Users\Administrador\Desktop\entrtega\Ej. 2-D  ANCONA ROMANO Matias\P2\p2.asm
                  CASE_NO   0x00000f    program     static C:\Users\Administrador\Desktop\entrtega\Ej. 2-D  ANCONA ROMANO Matias\P2\p2.asm
                   Inicio   0x000013    program     static C:\Users\Administrador\Desktop\entrtega\Ej. 2-D  ANCONA ROMANO Matias\P2\p2.asm
             _.org_1_001B   0x00001b    program     static C:\Users\Administrador\Desktop\entrtega\Ej. 2-D  ANCONA ROMANO Matias\P2\p2.asm


