MPLINK 4.31, Linker
Linker Map File - Created Fri Nov 13 17:23:00 2020

                                 Section Info
                  Section       Type    Address   Location Size(Bytes)
                ---------  ---------  ---------  ---------  ---------
                   .org_0       code   0x000000    program   0x000046
                   .cinit    romdata   0x000023    program   0x000004
  .config_2007_UNTITLED.O       code   0x002007    program   0x000002



                              Program Memory Usage 
                               Start         End      
                           ---------   ---------      
                            0x000000    0x000024      
                            0x002007    0x002007      
            38 out of 2183 program addresses used, program memory utilization is 1%



                              Symbols - Sorted by Name
                     Name    Address   Location    Storage File                     
                ---------  ---------  ---------  --------- ---------                
               DEMORA_1MS   0x000011    program     static C:\Users\Administrador\Desktop\UNLa\Arquitectura\Proyectos MPLAB\EJ2\Untitled.asm
                DEMORA_1S   0x00001d    program     static C:\Users\Administrador\Desktop\UNLa\Arquitectura\Proyectos MPLAB\EJ2\Untitled.asm
             DEMORA_250MS   0x000017    program     static C:\Users\Administrador\Desktop\UNLa\Arquitectura\Proyectos MPLAB\EJ2\Untitled.asm
                   INICIO   0x000000    program     static C:\Users\Administrador\Desktop\UNLa\Arquitectura\Proyectos MPLAB\EJ2\Untitled.asm
                    LOOP1   0x000013    program     static C:\Users\Administrador\Desktop\UNLa\Arquitectura\Proyectos MPLAB\EJ2\Untitled.asm
                    LOOP2   0x000019    program     static C:\Users\Administrador\Desktop\UNLa\Arquitectura\Proyectos MPLAB\EJ2\Untitled.asm
                    LOOP3   0x00001f    program     static C:\Users\Administrador\Desktop\UNLa\Arquitectura\Proyectos MPLAB\EJ2\Untitled.asm
            LOOPPRINCIPAL   0x000006    program     static C:\Users\Administrador\Desktop\UNLa\Arquitectura\Proyectos MPLAB\EJ2\Untitled.asm



                              Symbols - Sorted by Address
                     Name    Address   Location    Storage File                     
                ---------  ---------  ---------  --------- ---------                
                   INICIO   0x000000    program     static C:\Users\Administrador\Desktop\UNLa\Arquitectura\Proyectos MPLAB\EJ2\Untitled.asm
            LOOPPRINCIPAL   0x000006    program     static C:\Users\Administrador\Desktop\UNLa\Arquitectura\Proyectos MPLAB\EJ2\Untitled.asm
               DEMORA_1MS   0x000011    program     static C:\Users\Administrador\Desktop\UNLa\Arquitectura\Proyectos MPLAB\EJ2\Untitled.asm
                    LOOP1   0x000013    program     static C:\Users\Administrador\Desktop\UNLa\Arquitectura\Proyectos MPLAB\EJ2\Untitled.asm
             DEMORA_250MS   0x000017    program     static C:\Users\Administrador\Desktop\UNLa\Arquitectura\Proyectos MPLAB\EJ2\Untitled.asm
                    LOOP2   0x000019    program     static C:\Users\Administrador\Desktop\UNLa\Arquitectura\Proyectos MPLAB\EJ2\Untitled.asm
                DEMORA_1S   0x00001d    program     static C:\Users\Administrador\Desktop\UNLa\Arquitectura\Proyectos MPLAB\EJ2\Untitled.asm
                    LOOP3   0x00001f    program     static C:\Users\Administrador\Desktop\UNLa\Arquitectura\Proyectos MPLAB\EJ2\Untitled.asm


